npm verbose cli C:\Program Files\nodejs\node.exe C:\Users\Windows11\AppData\Roaming\npm\node_modules\npm\bin\npm-cli.js
npm info using npm@10.8.1
npm info using node@v20.15.0
npm verbose title npm install
npm verbose argv "install" "--legacy-peer-deps" "--loglevel" "verbose"
npm verbose logfile logs-max:10 dir:C:\Users\Windows11\AppData\Local\npm-cache\_logs\2024-08-14T01_18_24_827Z-
npm verbose logfile C:\Users\Windows11\AppData\Local\npm-cache\_logs\2024-08-14T01_18_24_827Z-debug-0.log
npm http fetch GET 200 https://registry.npmjs.org/@faker-js%2ffaker 584ms (cache revalidated)
npm http fetch GET 200 https://registry.npmjs.org/cypress-mochawesome-reporter 7ms (cache hit)
npm http fetch GET 200 https://registry.npmjs.org/browserstack-cypress-cli 151ms (cache revalidated)
npm http fetch GET 200 https://registry.npmjs.org/cypress 8ms (cache hit)
npm http fetch GET 200 https://registry.npmjs.org/async 131ms (cache revalidated)
npm http fetch GET 200 https://registry.npmjs.org/git-last-commit 159ms (cache revalidated)
npm http fetch GET 200 https://registry.npmjs.org/chalk 378ms (cache revalidated)
npm http fetch GET 200 https://registry.npmjs.org/archiver 383ms (cache revalidated)
npm http fetch GET 200 https://registry.npmjs.org/cli-progress 387ms (cache revalidated)
npm http fetch GET 200 https://registry.npmjs.org/fs-extra 390ms (cache revalidated)
npm http fetch GET 200 https://registry.npmjs.org/browserstack-local 409ms (cache revalidated)
npm http fetch GET 200 https://registry.npmjs.org/git-repo-info 140ms (cache revalidated)
npm http fetch GET 200 https://registry.npmjs.org/mkdirp 119ms (cache revalidated)
npm http fetch GET 200 https://registry.npmjs.org/glob 131ms (cache revalidated)
npm http fetch GET 200 https://registry.npmjs.org/gitconfiglocal 142ms (cache revalidated)
npm http fetch GET 200 https://registry.npmjs.org/mocha 151ms (cache revalidated)
npm http fetch GET 200 https://registry.npmjs.org/request 133ms (cache revalidated)
npm http fetch GET 200 https://registry.npmjs.org/node-ipc 166ms (cache revalidated)
npm http fetch GET 200 https://registry.npmjs.org/update-notifier 111ms (cache revalidated)
npm http fetch GET 200 https://registry.npmjs.org/requestretry 133ms (cache revalidated)
npm http fetch GET 200 https://registry.npmjs.org/getmac 678ms (cache revalidated)
npm http fetch GET 200 https://registry.npmjs.org/uuid 129ms (cache revalidated)
npm http fetch GET 200 https://registry.npmjs.org/winston 123ms (cache revalidated)
npm http fetch GET 200 https://registry.npmjs.org/table 185ms (cache revalidated)
npm http fetch GET 200 https://registry.npmjs.org/windows-release 154ms (cache revalidated)
npm http fetch GET 200 https://registry.npmjs.org/yargs 109ms (cache revalidated)
npm http fetch GET 200 https://registry.npmjs.org/decompress 145ms (cache revalidated)
npm http fetch GET 200 https://registry.npmjs.org/debug 128ms (cache revalidated)
npm http fetch GET 200 https://registry.npmjs.org/dayjs 137ms (cache revalidated)
npm http fetch GET 200 https://registry.npmjs.org/tmp 156ms (cache revalidated)
npm http fetch GET 200 https://registry.npmjs.org/execa 119ms (cache revalidated)
npm http fetch GET 200 https://registry.npmjs.org/arch 165ms (cache revalidated)
npm http fetch GET 200 https://registry.npmjs.org/is-ci 103ms (cache revalidated)
npm http fetch GET 200 https://registry.npmjs.org/getos 157ms (cache revalidated)
npm http fetch GET 200 https://registry.npmjs.org/listr2 113ms (cache revalidated)
npm http fetch GET 200 https://registry.npmjs.org/yauzl 132ms (cache revalidated)
npm http fetch GET 200 https://registry.npmjs.org/lodash 123ms (cache revalidated)
npm http fetch GET 200 https://registry.npmjs.org/buffer 134ms (cache revalidated)
npm http fetch GET 200 https://registry.npmjs.org/semver 115ms (cache revalidated)
npm http fetch GET 200 https://registry.npmjs.org/figures 107ms (cache revalidated)
npm http fetch GET 200 https://registry.npmjs.org/bluebird 125ms (cache revalidated)
npm http fetch GET 200 https://registry.npmjs.org/ospath 242ms (cache revalidated)
npm http fetch GET 200 https://registry.npmjs.org/enquirer 131ms (cache revalidated)
npm http fetch GET 200 https://registry.npmjs.org/process 157ms (cache revalidated)
npm http fetch GET 200 https://registry.npmjs.org/cachedir 151ms (cache revalidated)
npm http fetch GET 200 https://registry.npmjs.org/minimist 112ms (cache revalidated)
npm http fetch GET 200 https://registry.npmjs.org/lazy-ass 144ms (cache revalidated)
npm http fetch GET 200 https://registry.npmjs.org/blob-util 125ms (cache revalidated)
npm http fetch GET 200 https://registry.npmjs.org/cli-table3 112ms (cache revalidated)
npm http fetch GET 200 https://registry.npmjs.org/cli-cursor 125ms (cache revalidated)
npm http fetch GET 200 https://registry.npmjs.org/commander 144ms (cache revalidated)
npm http fetch GET 200 https://registry.npmjs.org/untildify 146ms (cache revalidated)
npm http fetch GET 200 https://registry.npmjs.org/common-tags 108ms (cache revalidated)
npm http fetch GET 200 https://registry.npmjs.org/executable 147ms (cache revalidated)
npm http fetch GET 200 https://registry.npmjs.org/extract-zip 152ms (cache revalidated)
npm http fetch GET 200 https://registry.npmjs.org/log-symbols 144ms (cache revalidated)
npm http fetch GET 200 https://registry.npmjs.org/proxy-from-env 112ms (cache revalidated)
npm http fetch GET 200 https://registry.npmjs.org/@types%2fsizzle 139ms (cache revalidated)
npm http fetch GET 200 https://registry.npmjs.org/pretty-bytes 162ms (cache revalidated)
npm http fetch GET 200 https://registry.npmjs.org/eventemitter2 154ms (cache revalidated)
npm http fetch GET 200 https://registry.npmjs.org/supports-color 115ms (cache revalidated)
npm http fetch GET 200 https://registry.npmjs.org/check-more-types 118ms (cache revalidated)
npm http fetch GET 200 https://registry.npmjs.org/is-installed-globally 111ms (cache revalidated)
npm http fetch GET 200 https://registry.npmjs.org/request-progress 143ms (cache revalidated)
npm http fetch GET 200 https://registry.npmjs.org/@cypress%2fxvfb 289ms (cache revalidated)
npm http fetch GET 200 https://registry.npmjs.org/@types%2fsinonjs__fake-timers 125ms (cache revalidated)
npm http fetch GET 200 https://registry.npmjs.org/mochawesome-merge 113ms (cache revalidated)
npm http fetch GET 200 https://registry.npmjs.org/mochawesome-report-generator 143ms (cache revalidated)
npm http fetch GET 200 https://registry.npmjs.org/mochawesome 164ms (cache revalidated)
npm http fetch GET 200 https://registry.npmjs.org/@cypress%2frequest 406ms (cache revalidated)
npm http fetch GET 200 https://registry.npmjs.org/buffer-crc32 126ms (cache revalidated)
npm http fetch GET 200 https://registry.npmjs.org/zip-stream 128ms (cache revalidated)
npm http fetch GET 200 https://registry.npmjs.org/archiver-utils 136ms (cache revalidated)
npm http fetch GET 200 https://registry.npmjs.org/https-proxy-agent 135ms (cache revalidated)
npm http fetch GET 200 https://registry.npmjs.org/tar-stream 139ms (cache revalidated)
npm http fetch GET 200 https://registry.npmjs.org/readable-stream 146ms (cache revalidated)
npm http fetch GET 200 https://registry.npmjs.org/readdir-glob 153ms (cache revalidated)
npm http fetch GET 200 https://registry.npmjs.org/agent-base 143ms (cache revalidated)
npm http fetch GET 200 https://registry.npmjs.org/ansi-styles 141ms (cache revalidated)
npm http fetch GET 200 https://registry.npmjs.org/string-width 135ms (cache revalidated)
npm http fetch GET 200 https://registry.npmjs.org/ps-tree 174ms (cache revalidated)
npm http fetch GET 200 https://registry.npmjs.org/is-running 178ms (cache revalidated)
npm http fetch GET 200 https://registry.npmjs.org/decompress-tar 156ms (cache revalidated)
npm http fetch GET 200 https://registry.npmjs.org/temp-fs 179ms (cache revalidated)
npm http fetch GET 200 https://registry.npmjs.org/decompress-unzip 155ms (cache revalidated)
npm http fetch GET 200 https://registry.npmjs.org/make-dir 138ms (cache revalidated)
npm http fetch GET 200 https://registry.npmjs.org/decompress-tarbz2 168ms (cache revalidated)
npm http fetch GET 200 https://registry.npmjs.org/graceful-fs 148ms (cache revalidated)
npm http fetch GET 200 https://registry.npmjs.org/pify 143ms (cache revalidated)
npm http fetch GET 200 https://registry.npmjs.org/decompress-targz 176ms (cache revalidated)
npm http fetch GET 200 https://registry.npmjs.org/strip-dirs 159ms (cache revalidated)
npm http fetch GET 200 https://registry.npmjs.org/graceful-fs 138ms (cache revalidated)
npm http fetch GET 200 https://registry.npmjs.org/universalify 134ms (cache revalidated)
npm http fetch GET 200 https://registry.npmjs.org/ini 131ms (cache revalidated)
npm http fetch GET 200 https://registry.npmjs.org/once 131ms (cache revalidated)
npm http fetch GET 200 https://registry.npmjs.org/jsonfile 147ms (cache revalidated)
npm http fetch GET 200 https://registry.npmjs.org/inflight 122ms (cache revalidated)
npm http fetch GET 200 https://registry.npmjs.org/@types%2fnode 178ms (cache revalidated)
npm http fetch GET 200 https://registry.npmjs.org/inherits 155ms (cache revalidated)
npm http fetch GET 200 https://registry.npmjs.org/path-is-absolute 147ms (cache revalidated)
npm http fetch GET 200 https://registry.npmjs.org/fs.realpath 151ms (cache revalidated)
npm http fetch GET 200 https://registry.npmjs.org/minimatch 155ms (cache revalidated)
npm http fetch GET 200 https://registry.npmjs.org/ansi-colors 152ms (cache revalidated)
npm http fetch GET 200 https://registry.npmjs.org/browser-stdout 157ms (cache revalidated)
npm http fetch GET 200 https://registry.npmjs.org/chokidar 143ms (cache revalidated)
npm http fetch GET 200 https://registry.npmjs.org/escape-string-regexp 135ms (cache revalidated)
npm http fetch GET 200 https://registry.npmjs.org/find-up 136ms (cache revalidated)
npm http fetch GET 200 https://registry.npmjs.org/he 134ms (cache revalidated)
npm http fetch GET 200 https://registry.npmjs.org/ms 127ms (cache revalidated)
npm http fetch GET 200 https://registry.npmjs.org/diff 147ms (cache revalidated)
npm http fetch GET 200 https://registry.npmjs.org/yargs 18ms (cache hit)
npm http fetch GET 200 https://registry.npmjs.org/js-yaml 161ms (cache revalidated)
npm http fetch GET 200 https://registry.npmjs.org/yargs-parser 116ms (cache revalidated)
npm http fetch GET 200 https://registry.npmjs.org/serialize-javascript 136ms (cache revalidated)
npm http fetch GET 200 https://registry.npmjs.org/strip-json-comments 132ms (cache revalidated)
npm http fetch GET 200 https://registry.npmjs.org/workerpool 155ms (cache revalidated)
npm http fetch GET 200 https://registry.npmjs.org/yargs-unparser 152ms (cache revalidated)
npm http fetch GET 200 https://registry.npmjs.org/js-message 148ms (cache revalidated)
npm http fetch GET 200 https://registry.npmjs.org/js-queue 166ms (cache revalidated)
npm http fetch GET 200 https://registry.npmjs.org/qs 123ms (cache revalidated)
npm http fetch GET 200 https://registry.npmjs.org/event-pubsub 143ms (cache revalidated)
npm http fetch GET 200 https://registry.npmjs.org/caseless 114ms (cache revalidated)
npm http fetch GET 200 https://registry.npmjs.org/aws4 148ms (cache revalidated)
npm http fetch GET 200 https://registry.npmjs.org/extend 126ms (cache revalidated)
npm http fetch GET 200 https://registry.npmjs.org/isstream 117ms (cache revalidated)
npm http fetch GET 200 https://registry.npmjs.org/aws-sign2 106ms (cache revalidated)
npm http fetch GET 200 https://registry.npmjs.org/form-data 117ms (cache revalidated)
npm http fetch GET 200 https://registry.npmjs.org/oauth-sign 118ms (cache revalidated)
npm http fetch GET 200 https://registry.npmjs.org/mime-types 125ms (cache revalidated)
npm http fetch GET 200 https://registry.npmjs.org/tough-cookie 117ms (cache revalidated)
npm http fetch GET 200 https://registry.npmjs.org/safe-buffer 122ms (cache revalidated)
npm http fetch GET 200 https://registry.npmjs.org/forever-agent 110ms (cache revalidated)
npm http fetch GET 200 https://registry.npmjs.org/tunnel-agent 127ms (cache revalidated)
npm http fetch GET 200 https://registry.npmjs.org/har-validator 106ms (cache revalidated)
npm http fetch GET 200 https://registry.npmjs.org/http-signature 117ms (cache revalidated)
npm http fetch GET 200 https://registry.npmjs.org/json-stringify-safe 107ms (cache revalidated)
npm http fetch GET 200 https://registry.npmjs.org/performance-now 117ms (cache revalidated)
npm http fetch GET 200 https://registry.npmjs.org/combined-stream 126ms (cache revalidated)
npm http fetch GET 200 https://registry.npmjs.org/is-typedarray 139ms (cache revalidated)
npm http fetch GET 200 https://registry.npmjs.org/ajv 112ms (cache revalidated)
npm http fetch GET 200 https://registry.npmjs.org/slice-ansi 104ms (cache revalidated)
npm http fetch GET 200 https://registry.npmjs.org/pupa 113ms (cache revalidated)
npm http fetch GET 200 https://registry.npmjs.org/boxen 112ms (cache revalidated)
npm http fetch GET 200 https://registry.npmjs.org/is-npm 113ms (cache revalidated)
npm http fetch GET 200 https://registry.npmjs.org/configstore 120ms (cache revalidated)
npm http fetch GET 200 https://registry.npmjs.org/import-lazy 112ms (cache revalidated)
npm http fetch GET 200 https://registry.npmjs.org/semver-diff 114ms (cache revalidated)
npm http fetch GET 200 https://registry.npmjs.org/xdg-basedir 120ms (cache revalidated)
npm http fetch GET 200 https://registry.npmjs.org/latest-version 122ms (cache revalidated)
npm http fetch GET 200 https://registry.npmjs.org/colors 106ms (cache revalidated)
npm http fetch GET 200 https://registry.npmjs.org/eyes 152ms (cache revalidated)
npm http fetch GET 200 https://registry.npmjs.org/cycle 140ms (cache revalidated)
npm http fetch GET 200 https://registry.npmjs.org/stack-trace 117ms (cache revalidated)
npm http fetch GET 200 https://registry.npmjs.org/y18n 114ms (cache revalidated)
npm http fetch GET 200 https://registry.npmjs.org/decamelize 111ms (cache revalidated)
npm http fetch GET 200 https://registry.npmjs.org/cliui 129ms (cache revalidated)
npm http fetch GET 200 https://registry.npmjs.org/set-blocking 123ms (cache revalidated)
npm http fetch GET 200 https://registry.npmjs.org/which-module 121ms (cache revalidated)
npm http fetch GET 200 https://registry.npmjs.org/get-caller-file 111ms (cache revalidated)
npm http fetch GET 200 https://registry.npmjs.org/is-in-ci 417ms (cache revalidated)
npm http fetch GET 200 https://registry.npmjs.org/require-directory 111ms (cache revalidated)
npm http fetch GET 200 https://registry.npmjs.org/require-main-filename 115ms (cache revalidated)
npm http fetch GET 200 https://registry.npmjs.org/lazystream 121ms (cache revalidated)
npm http fetch GET 200 https://registry.npmjs.org/normalize-path 127ms (cache revalidated)
npm http fetch GET 200 https://registry.npmjs.org/lodash.isplainobject 135ms (cache revalidated)
npm http fetch GET 200 https://registry.npmjs.org/lodash.defaults 146ms (cache revalidated)
npm http fetch GET 200 https://registry.npmjs.org/lodash.flatten 157ms (cache revalidated)
npm http fetch GET 200 https://registry.npmjs.org/lodash.difference 159ms (cache revalidated)
npm http fetch GET 200 https://registry.npmjs.org/lodash.union 234ms (cache revalidated)
npm http fetch GET 200 https://registry.npmjs.org/string_decoder 119ms (cache revalidated)
npm http fetch GET 200 https://registry.npmjs.org/bl 113ms (cache revalidated)
npm http fetch GET 200 https://registry.npmjs.org/util-deprecate 127ms (cache revalidated)
npm http fetch GET 200 https://registry.npmjs.org/end-of-stream 112ms (cache revalidated)
npm http fetch GET 200 https://registry.npmjs.org/compress-commons 119ms (cache revalidated)
npm http fetch GET 200 https://registry.npmjs.org/fs-constants 125ms (cache revalidated)
npm http fetch GET 200 https://registry.npmjs.org/process-nextick-args 115ms (cache revalidated)
npm http fetch GET 200 https://registry.npmjs.org/core-util-is 129ms (cache revalidated)
npm http fetch GET 200 https://registry.npmjs.org/isarray 158ms (cache revalidated)
npm http fetch GET 200 https://registry.npmjs.org/event-stream 155ms (cache revalidated)
npm http fetch GET 200 https://registry.npmjs.org/rimraf 157ms (cache revalidated)
npm http fetch GET 200 https://registry.npmjs.org/color-convert 112ms (cache revalidated)
npm http fetch GET 200 https://registry.npmjs.org/has-flag 162ms (cache revalidated)
npm http fetch GET 200 https://registry.npmjs.org/color-name 130ms (cache revalidated)
npm http fetch GET 200 https://registry.npmjs.org/is-fullwidth-code-point 107ms (cache revalidated)
npm http fetch GET 200 https://registry.npmjs.org/emoji-regex 113ms (cache revalidated)
npm http fetch GET 200 https://registry.npmjs.org/strip-ansi 140ms (cache revalidated)
npm http fetch GET 200 https://registry.npmjs.org/lodash.once 124ms (cache revalidated)
npm http fetch GET 200 https://registry.npmjs.org/base64-js 125ms (cache revalidated)
npm http fetch GET 200 https://registry.npmjs.org/onetime 123ms (cache revalidated)
npm http fetch GET 200 https://registry.npmjs.org/ieee754 128ms (cache revalidated)
npm http fetch GET 200 https://registry.npmjs.org/restore-cursor 155ms (cache revalidated)
npm http fetch GET 200 https://registry.npmjs.org/is-stream 159ms (cache revalidated)
npm http fetch GET 200 https://registry.npmjs.org/@colors%2fcolors 174ms (cache revalidated)
npm http fetch GET 200 https://registry.npmjs.org/get-stream 114ms (cache revalidated)
npm http fetch GET 200 https://registry.npmjs.org/signal-exit 112ms (cache revalidated)
npm http fetch GET 200 https://registry.npmjs.org/merge-stream 114ms (cache revalidated)
npm http fetch GET 200 https://registry.npmjs.org/cross-spawn 139ms (cache revalidated)
npm http fetch GET 200 https://registry.npmjs.org/human-signals 106ms (cache revalidated)
npm http fetch GET 200 https://registry.npmjs.org/npm-run-path 120ms (cache revalidated)
npm http fetch GET 200 https://registry.npmjs.org/strip-final-newline 121ms (cache revalidated)
npm http fetch GET 200 https://registry.npmjs.org/at-least-node 108ms (cache revalidated)
npm http fetch GET 200 https://registry.npmjs.org/ci-info 109ms (cache revalidated)
npm http fetch GET 200 https://registry.npmjs.org/@types%2fyauzl 124ms (cache revalidated)
npm http fetch GET 200 https://registry.npmjs.org/is-path-inside 104ms (cache revalidated)
npm http fetch GET 200 https://registry.npmjs.org/global-dirs 125ms (cache revalidated)
npm http fetch GET 200 https://registry.npmjs.org/rfdc 115ms (cache revalidated)
npm http fetch GET 200 https://registry.npmjs.org/rxjs 130ms (cache revalidated)
npm http fetch GET 200 https://registry.npmjs.org/through 105ms (cache revalidated)
npm http fetch GET 200 https://registry.npmjs.org/colorette 113ms (cache revalidated)
npm http fetch GET 200 https://registry.npmjs.org/wrap-ansi 106ms (cache revalidated)
npm http fetch GET 200 https://registry.npmjs.org/p-map 143ms (cache revalidated)
npm http fetch GET 200 https://registry.npmjs.org/cli-truncate 113ms (cache revalidated)
npm http fetch GET 200 https://registry.npmjs.org/is-unicode-supported 106ms (cache revalidated)
npm http fetch GET 200 https://registry.npmjs.org/fd-slicer 111ms (cache revalidated)
npm http fetch GET 200 https://registry.npmjs.org/throttleit 145ms (cache revalidated)
npm http fetch GET 200 https://registry.npmjs.org/log-update 366ms (cache revalidated)
npm http fetch GET 200 https://registry.npmjs.org/assert-plus 117ms (cache revalidated)
npm http fetch GET 200 https://registry.npmjs.org/asynckit 119ms (cache revalidated)
npm http fetch GET 200 https://registry.npmjs.org/mime-db 123ms (cache revalidated)
npm http fetch GET 200 https://registry.npmjs.org/side-channel 124ms (cache revalidated)
npm http fetch GET 200 https://registry.npmjs.org/sshpk 130ms (cache revalidated)
npm http fetch GET 200 https://registry.npmjs.org/delayed-stream 139ms (cache revalidated)
npm http fetch GET 200 https://registry.npmjs.org/jsprim 168ms (cache revalidated)
npm http fetch GET 200 https://registry.npmjs.org/psl 110ms (cache revalidated)
npm http fetch GET 200 https://registry.npmjs.org/punycode 120ms (cache revalidated)
npm http fetch GET 200 https://registry.npmjs.org/url-parse 118ms (cache revalidated)
npm http fetch GET 200 https://registry.npmjs.org/yargs 17ms (cache hit)
npm http fetch GET 200 https://registry.npmjs.org/dateformat 114ms (cache revalidated)
npm http fetch GET 200 https://registry.npmjs.org/escape-html 119ms (cache revalidated)
npm http fetch GET 200 https://registry.npmjs.org/lodash.isempty 129ms (cache revalidated)
npm http fetch GET 200 https://registry.npmjs.org/lodash.isstring 132ms (cache revalidated)
npm http fetch GET 200 https://registry.npmjs.org/lodash.isobject 150ms (cache revalidated)
npm http fetch GET 200 https://registry.npmjs.org/lodash.isfunction 160ms (cache revalidated)
npm http fetch GET 200 https://registry.npmjs.org/fsu 137ms (cache revalidated)
npm http fetch GET 200 https://registry.npmjs.org/yargs 7ms (cache hit)
npm http fetch GET 200 https://registry.npmjs.org/prop-types 108ms (cache revalidated)
npm http fetch GET 200 https://registry.npmjs.org/lodash.isfunction 132ms (cache revalidated)
npm http fetch GET 200 https://registry.npmjs.org/validator 117ms (cache revalidated)
npm http fetch GET 200 https://registry.npmjs.org/opener 160ms (cache revalidated)
npm http fetch GET 200 https://registry.npmjs.org/tcomb-validation 133ms (cache revalidated)
npm http fetch GET 200 https://registry.npmjs.org/tcomb 159ms (cache revalidated)
npm http fetch GET 200 https://registry.npmjs.org/file-type 127ms (cache revalidated)
npm http fetch GET 200 https://registry.npmjs.org/is-natural-number 148ms (cache revalidated)
npm http fetch GET 200 https://registry.npmjs.org/file-type 155ms (cache revalidated)
npm http fetch GET 200 https://registry.npmjs.org/file-type 168ms (cache revalidated)
npm http fetch GET 200 https://registry.npmjs.org/file-type 172ms (cache revalidated)
npm http fetch GET 200 https://registry.npmjs.org/seek-bzip 181ms (cache revalidated)
npm http fetch GET 200 https://registry.npmjs.org/unbzip2-stream 182ms (cache revalidated)
npm http fetch GET 200 https://registry.npmjs.org/buffer-alloc 111ms (cache revalidated)
npm http fetch GET 200 https://registry.npmjs.org/xtend 115ms (cache revalidated)
npm http fetch GET 200 https://registry.npmjs.org/to-buffer 128ms (cache revalidated)
npm http fetch GET 200 https://registry.npmjs.org/object-assign 112ms (cache revalidated)
npm http fetch GET 200 https://registry.npmjs.org/pinkie-promise 112ms (cache revalidated)
npm http fetch GET 200 https://registry.npmjs.org/ansi-regex 140ms (cache revalidated)
npm http fetch GET 200 https://registry.npmjs.org/shebang-command 130ms (cache revalidated)
npm http fetch GET 200 https://registry.npmjs.org/pump 129ms (cache revalidated)
npm http fetch GET 200 https://registry.npmjs.org/which 132ms (cache revalidated)
npm http fetch GET 200 https://registry.npmjs.org/path-key 132ms (cache revalidated)
npm http fetch GET 200 https://registry.npmjs.org/mimic-fn 131ms (cache revalidated)
npm http fetch GET 200 https://registry.npmjs.org/path-key 141ms (cache revalidated)
npm http fetch GET 200 https://registry.npmjs.org/shebang-regex 124ms (cache revalidated)
npm http fetch GET 200 https://registry.npmjs.org/isexe 127ms (cache revalidated)
npm http fetch GET 200 https://registry.npmjs.org/@types%2fnode 24ms (cache hit)
npm http fetch GET 200 https://registry.npmjs.org/undici-types 137ms (cache revalidated)
npm http fetch GET 200 https://registry.npmjs.org/pinkie 135ms (cache revalidated)
npm http fetch GET 200 https://registry.npmjs.org/wrappy 125ms (cache revalidated)
npm http fetch GET 200 https://registry.npmjs.org/wrappy 128ms (cache revalidated)
npm http fetch GET 200 https://registry.npmjs.org/brace-expansion 129ms (cache revalidated)
npm http fetch GET 200 https://registry.npmjs.org/json-schema 123ms (cache revalidated)
npm http fetch GET 200 https://registry.npmjs.org/dashdash 123ms (cache revalidated)
npm http fetch GET 200 https://registry.npmjs.org/asn1 128ms (cache revalidated)
npm http fetch GET 200 https://registry.npmjs.org/getpass 135ms (cache revalidated)
npm http fetch GET 200 https://registry.npmjs.org/verror 142ms (cache revalidated)
npm http fetch GET 200 https://registry.npmjs.org/safer-buffer 143ms (cache revalidated)
npm http fetch GET 200 https://registry.npmjs.org/extsprintf 168ms (cache revalidated)
npm http fetch GET 200 https://registry.npmjs.org/bcrypt-pbkdf 121ms (cache revalidated)
npm http fetch GET 200 https://registry.npmjs.org/jsbn 137ms (cache revalidated)
npm http fetch GET 200 https://registry.npmjs.org/ecc-jsbn 132ms (cache revalidated)
npm http fetch GET 200 https://registry.npmjs.org/tweetnacl 146ms (cache revalidated)
npm http fetch GET 200 https://registry.npmjs.org/tslib 110ms (cache revalidated)
npm http fetch GET 200 https://registry.npmjs.org/ansi-escapes 123ms (cache revalidated)
npm http fetch GET 200 https://registry.npmjs.org/aggregate-error 128ms (cache revalidated)
npm http fetch GET 200 https://registry.npmjs.org/astral-regex 115ms (cache revalidated)
npm http fetch GET 200 https://registry.npmjs.org/type-fest 109ms (cache revalidated)
npm http fetch GET 200 https://registry.npmjs.org/balanced-match 113ms (cache revalidated)
npm http fetch GET 200 https://registry.npmjs.org/concat-map 117ms (cache revalidated)
npm http fetch GET 200 https://registry.npmjs.org/is-binary-path 124ms (cache revalidated)
npm http fetch GET 200 https://registry.npmjs.org/glob-parent 131ms (cache revalidated)
npm http fetch GET 200 https://registry.npmjs.org/fsevents 133ms (cache revalidated)
npm http fetch GET 200 https://registry.npmjs.org/readdirp 138ms (cache revalidated)
npm http fetch GET 200 https://registry.npmjs.org/braces 148ms (cache revalidated)
npm http fetch GET 200 https://registry.npmjs.org/anymatch 151ms (cache revalidated)
npm http fetch GET 200 https://registry.npmjs.org/is-glob 151ms (cache revalidated)
npm http fetch GET 200 https://registry.npmjs.org/locate-path 129ms (cache revalidated)
npm http fetch GET 200 https://registry.npmjs.org/path-exists 132ms (cache revalidated)
npm http fetch GET 200 https://registry.npmjs.org/randombytes 127ms (cache revalidated)
npm http fetch GET 200 https://registry.npmjs.org/argparse 139ms (cache revalidated)
npm http fetch GET 200 https://registry.npmjs.org/camelcase 125ms (cache revalidated)
npm http fetch GET 200 https://registry.npmjs.org/flat 138ms (cache revalidated)
npm http fetch GET 200 https://registry.npmjs.org/escalade 146ms (cache revalidated)
npm http fetch GET 200 https://registry.npmjs.org/is-plain-obj 113ms (cache revalidated)
npm http fetch GET 200 https://registry.npmjs.org/is-extglob 113ms (cache revalidated)
npm http fetch GET 200 https://registry.npmjs.org/binary-extensions 117ms (cache revalidated)
npm http fetch GET 200 https://registry.npmjs.org/picomatch 122ms (cache revalidated)
npm http fetch GET 200 https://registry.npmjs.org/fill-range 124ms (cache revalidated)
npm http fetch GET 200 https://registry.npmjs.org/picomatch 124ms (cache revalidated)
npm http fetch GET 200 https://registry.npmjs.org/to-regex-range 108ms (cache revalidated)
npm http fetch GET 200 https://registry.npmjs.org/is-number 130ms (cache revalidated)
npm http fetch GET 200 https://registry.npmjs.org/p-locate 119ms (cache revalidated)
npm http fetch GET 200 https://registry.npmjs.org/p-limit 109ms (cache revalidated)
npm http fetch GET 200 https://registry.npmjs.org/loose-envify 117ms (cache revalidated)
npm http fetch GET 200 https://registry.npmjs.org/react-is 131ms (cache revalidated)
npm http fetch GET 200 https://registry.npmjs.org/easy-stack 278ms (cache revalidated)
npm http fetch GET 200 https://registry.npmjs.org/yocto-queue 113ms (cache revalidated)
npm http fetch GET 200 https://registry.npmjs.org/clean-stack 117ms (cache revalidated)
npm http fetch GET 200 https://registry.npmjs.org/indent-string 129ms (cache revalidated)
npm http fetch GET 200 https://registry.npmjs.org/js-tokens 112ms (cache revalidated)
npm http fetch GET 200 https://registry.npmjs.org/duplexer 119ms (cache revalidated)
npm http fetch GET 200 https://registry.npmjs.org/split 126ms (cache revalidated)
npm http fetch GET 200 https://registry.npmjs.org/from 146ms (cache revalidated)
npm http fetch GET 200 https://registry.npmjs.org/map-stream 154ms (cache revalidated)
npm http fetch GET 200 https://registry.npmjs.org/pause-stream 180ms (cache revalidated)
npm http fetch GET 200 https://registry.npmjs.org/stream-combiner 415ms (cache revalidated)
npm http fetch GET 200 https://registry.npmjs.org/get-intrinsic 121ms (cache revalidated)
npm http fetch GET 200 https://registry.npmjs.org/call-bind 123ms (cache revalidated)
npm http fetch GET 200 https://registry.npmjs.org/es-errors 125ms (cache revalidated)
npm http fetch GET 200 https://registry.npmjs.org/object-inspect 129ms (cache revalidated)
npm http fetch GET 200 https://registry.npmjs.org/ajv 12ms (cache hit)
npm http fetch GET 200 https://registry.npmjs.org/har-schema 182ms (cache revalidated)
npm http fetch GET 200 https://registry.npmjs.org/fast-deep-equal 104ms (cache revalidated)
npm http fetch GET 200 https://registry.npmjs.org/uri-js 109ms (cache revalidated)
npm http fetch GET 200 https://registry.npmjs.org/fast-json-stable-stringify 108ms (cache revalidated)
npm http fetch GET 200 https://registry.npmjs.org/json-schema-traverse 110ms (cache revalidated)
npm http fetch GET 200 https://registry.npmjs.org/es-define-property 114ms (cache revalidated)
npm http fetch GET 200 https://registry.npmjs.org/set-function-length 115ms (cache revalidated)
npm http fetch GET 200 https://registry.npmjs.org/has-proto 119ms (cache revalidated)
npm http fetch GET 200 https://registry.npmjs.org/function-bind 122ms (cache revalidated)
npm http fetch GET 200 https://registry.npmjs.org/hasown 120ms (cache revalidated)
npm http fetch GET 200 https://registry.npmjs.org/function-bind 123ms (cache revalidated)
npm http fetch GET 200 https://registry.npmjs.org/has-symbols 164ms (cache revalidated)
npm http fetch GET 200 https://registry.npmjs.org/gopd 113ms (cache revalidated)
npm http fetch GET 200 https://registry.npmjs.org/has-property-descriptors 118ms (cache revalidated)
npm http fetch GET 200 https://registry.npmjs.org/define-data-property 121ms (cache revalidated)
npm http fetch GET 200 https://registry.npmjs.org/requires-port 113ms (cache revalidated)
npm http fetch GET 200 https://registry.npmjs.org/querystringify 127ms (cache revalidated)
npm http fetch GET 200 https://registry.npmjs.org/cli-boxes 135ms (cache revalidated)
npm http fetch GET 200 https://registry.npmjs.org/ansi-align 135ms (cache revalidated)
npm http fetch GET 200 https://registry.npmjs.org/package-json 127ms (cache revalidated)
npm http fetch GET 200 https://registry.npmjs.org/widest-line 138ms (cache revalidated)
npm http fetch GET 200 https://registry.npmjs.org/dot-prop 136ms (cache revalidated)
npm http fetch GET 200 https://registry.npmjs.org/write-file-atomic 136ms (cache revalidated)
npm http fetch GET 200 https://registry.npmjs.org/unique-string 148ms (cache revalidated)
npm http fetch GET 200 https://registry.npmjs.org/escape-goat 131ms (cache revalidated)
npm http fetch GET 200 https://registry.npmjs.org/eastasianwidth 125ms (cache revalidated)
npm http fetch GET 200 https://registry.npmjs.org/typedarray-to-buffer 134ms (cache revalidated)
npm http fetch GET 200 https://registry.npmjs.org/is-obj 142ms (cache revalidated)
npm http fetch GET 200 https://registry.npmjs.org/crypto-random-string 150ms (cache revalidated)
npm http fetch GET 200 https://registry.npmjs.org/imurmurhash 151ms (cache revalidated)
npm http fetch GET 200 https://registry.npmjs.org/registry-auth-token 129ms (cache revalidated)
npm http fetch GET 200 https://registry.npmjs.org/registry-url 149ms (cache revalidated)
npm http fetch GET 200 https://registry.npmjs.org/got 152ms (cache revalidated)
npm http fetch GET 200 https://registry.npmjs.org/responselike 135ms (cache revalidated)
npm http fetch GET 200 https://registry.npmjs.org/p-cancelable 139ms (cache revalidated)
npm http fetch GET 200 https://registry.npmjs.org/cacheable-lookup 138ms (cache revalidated)
npm http fetch GET 200 https://registry.npmjs.org/cacheable-request 139ms (cache revalidated)
npm http fetch GET 200 https://registry.npmjs.org/lowercase-keys 148ms (cache revalidated)
npm http fetch GET 200 https://registry.npmjs.org/http2-wrapper 151ms (cache revalidated)
npm http fetch GET 200 https://registry.npmjs.org/@sindresorhus%2fis 180ms (cache revalidated)
npm http fetch GET 200 https://registry.npmjs.org/decompress-response 122ms (cache revalidated)
npm http fetch GET 200 https://registry.npmjs.org/rc 138ms (cache revalidated)
npm http fetch GET 200 https://registry.npmjs.org/form-data-encoder 159ms (cache revalidated)
npm http fetch GET 200 https://registry.npmjs.org/@szmarczak%2fhttp-timer 159ms (cache revalidated)
npm http fetch GET 200 https://registry.npmjs.org/@pnpm%2fnpm-conf 239ms (cache revalidated)
npm http fetch GET 200 https://registry.npmjs.org/keyv 120ms (cache revalidated)
npm http fetch GET 200 https://registry.npmjs.org/mimic-response 122ms (cache revalidated)
npm http fetch GET 200 https://registry.npmjs.org/normalize-url 126ms (cache revalidated)
npm http fetch GET 200 https://registry.npmjs.org/mimic-response 130ms (cache revalidated)
npm http fetch GET 200 https://registry.npmjs.org/http-cache-semantics 131ms (cache revalidated)
npm http fetch GET 200 https://registry.npmjs.org/defer-to-connect 133ms (cache revalidated)
npm http fetch GET 200 https://registry.npmjs.org/@types%2fhttp-cache-semantics 137ms (cache revalidated)
npm http fetch GET 200 https://registry.npmjs.org/quick-lru 126ms (cache revalidated)
npm http fetch GET 200 https://registry.npmjs.org/resolve-alpn 152ms (cache revalidated)
npm http fetch GET 200 https://registry.npmjs.org/json-buffer 129ms (cache revalidated)
npm http fetch GET 200 https://registry.npmjs.org/config-chain 136ms (cache revalidated)
npm http fetch GET 200 https://registry.npmjs.org/@pnpm%2fnetwork.ca-file 171ms (cache revalidated)
npm http fetch GET 200 https://registry.npmjs.org/@pnpm%2fconfig.env-replace 210ms (cache revalidated)
npm http fetch GET 200 https://registry.npmjs.org/proto-list 153ms (cache revalidated)
npm http fetch GET 200 https://registry.npmjs.org/deep-extend 108ms (cache revalidated)
npm http fetch GET 200 https://registry.npmjs.org/pend 158ms (cache revalidated)
npm http fetch GET 200 https://registry.npmjs.org/crc32-stream 126ms (cache revalidated)
npm http fetch GET 200 https://registry.npmjs.org/crc-32 107ms (cache revalidated)
npm http fetch GET 200 https://registry.npmjs.org/buffer-alloc-unsafe 124ms (cache revalidated)
npm http fetch GET 200 https://registry.npmjs.org/buffer-fill 129ms (cache revalidated)
npm http fetch GET 200 https://registry.npmjs.org/p-try 128ms (cache revalidated)
npm verbose reify failed optional dependency C:\Users\Windows11\Desktop\PÓS-JULIO\Projetos\automacao-web-pgats\tmpBstackPackages\node_modules\fsevents
npm warn deprecated inflight@1.0.6: This module is not supported, and leaks memory. Do not use it. Check out lru-cache if you want a good and tested way to coalesce async requests by a key value, which is much more comprehensive and powerful.
npm warn deprecated rimraf@2.5.4: Rimraf versions prior to v4 are no longer supported
npm warn deprecated har-validator@5.1.5: this library is no longer supported
npm warn deprecated glob@7.2.3: Glob versions prior to v9 are no longer supported
npm warn deprecated glob@8.1.0: Glob versions prior to v9 are no longer supported
npm warn deprecated uuid@3.4.0: Please upgrade  to version 7 or higher.  Older versions may use Math.random() in certain circumstances, which is known to be problematic.  See https://v8.dev/blog/math-random for details.
npm warn deprecated request@2.88.2: request has been deprecated, see https://github.com/request/request/issues/3142
npm info run cypress@13.13.2 postinstall node_modules/cypress node index.js --exec install
npm info run cypress@13.13.2 postinstall { code: 0, signal: null }
npm http fetch POST 200 https://registry.npmjs.org/-/npm/v1/security/advisories/bulk 179159ms
npm http fetch GET 200 https://registry.npmjs.org/request 136ms (cache revalidated)
npm http fetch GET 200 https://registry.npmjs.org/tough-cookie 147ms (cache revalidated)
npm http fetch GET 200 https://registry.npmjs.org/browserstack-cypress-cli 492ms (cache revalidated)

added 501 packages, and audited 502 packages in 3m

96 packages are looking for funding
  run `npm fund` for details

3 moderate severity vulnerabilities

To address all issues (including breaking changes), run:
  npm audit fix --force

Run `npm audit` for details.
npm verbose cwd C:\Users\Windows11\Desktop\PÓS-JULIO\Projetos\automacao-web-pgats\tmpBstackPackages
npm verbose os Windows_NT 10.0.22631
npm verbose node v20.15.0
npm verbose npm  v10.8.1
npm verbose exit 0
npm info ok
